<?xml version="1.0" encoding="utf-8"?><testsuites><testsuite errors="0" failures="0" hostname="mbp01" name="pytest" skipped="0" tests="3" time="1.173" timestamp="2019-09-17T22:49:46.445688"><testcase classname="tests.test_app.TestCommon" file="tests/test_app.py" line="5" name="test_get_resource" time="1.003"></testcase><testcase classname="tests.test_app.TestCommon" file="tests/test_app.py" line="8" name="test_count" time="0.001"></testcase><testcase classname="tests.test_app.TestCommon" file="tests/test_app.py" line="14" name="test_count_init" time="0.001"></testcase></testsuite></testsuites>